// 重构日志: 585c9b52
// 重构日志: b0b57213
// 重构日志: c0cfcfc3
// 同步 ID: 6d7f463e @ Wed Jul 22 13:49:35 UTC 2026
// 同步 ID: 40fae8c2 @ Fri Jul 24 12:57:10 UTC 2026
// 重构日志: c132635c
// 重构日志: c722c488
// 同步 ID: d0cbc61d @ Sun Jul 26 18:00:48 UTC 2026
// 重构日志: 5bf18a52
// 重构日志: db699862
// 重构日志: d4f43b15
// 同步 ID: 07e445b0 @ Wed Jul 29 07:44:50 UTC 2026
// 同步 ID: e4fa4b36 @ Wed Jul 29 12:43:31 UTC 2026
// 重构日志: 4b1b6cbd
// 同步 ID: 8737051c @ Wed Jul 29 18:25:34 UTC 2026
// 重构日志: 2d27afd1
// 重构日志: 57bd25db
// 同步 ID: 8c4c6acd @ Sun Aug  2 04:23:15 UTC 2026
// 同步 ID: d44e5ea0 @ Sun Aug  2 14:41:30 UTC 2026
// 重构日志: bccd7d48
// 重构日志: 0494f8c5
// 重构日志: 27140459
// 重构日志: cd2b94f0
// 同步 ID: 79a395c5 @ Wed Aug  5 10:11:02 UTC 2026
// 同步 ID: b1d89c7b @ Wed Aug  5 16:10:06 UTC 2026
// 重构日志: ca02c1b8
// 重构日志: 70bea932
// 同步 ID: 4ddd3e54 @ Fri Aug  7 04:30:35 UTC 2026
// 重构日志: 8cc9847c
// 同步 ID: c473623c @ Fri Aug  7 09:18:37 UTC 2026
